<html>
<body>
<pre>
<h1>µVision Build Log</h1>
<h2>Tool Versions:</h2>
IDE-Version: ¦ÌVision V5.26.2.0
Copyright (C) 2018 ARM Ltd and ARM Germany GmbH. All rights reserved.
License Information: JQ jq163exe@outlook.com, jq163exe@outlook.com, LIC=QF82M-XXYVQ-NN5AF-6R1CH-ZJPCK-1L6BP
 
Tool Versions:
Toolchain:       MDK-ARM Plus  Version: 5.26.2.0
Toolchain Path:  C:\Keil_v5\ARM\ARMCLANG\Bin
C Compiler:      ArmClang.exe V6.10.1
Assembler:       Armasm.exe V6.10.1
Linker/Locator:  ArmLink.exe V6.10.1
Library Manager: ArmAr.exe V6.10.1
Hex Converter:   FromElf.exe V6.10.1
CPU DLL:         SARMCM3.DLL V5.26.2.0
Dialog DLL:      DARMCM1.DLL V1.19.1.0
Target DLL:      Segger\JL2CM3.dll V2.99.15.0
Dialog DLL:      TARMCM1.DLL V1.14.0.0
 
<h2>Project:</h2>
D:\XC\E6\E6LD 1.1\bootload\e6_app\code\MDK\HC32L021.uvprojx
Project File Date:  06/22/2026

<h2>Output:</h2>
*** Using Compiler 'V6.10.1', folder: 'C:\Keil_v5\ARM\ARMCLANG\Bin'
Rebuild target 'HC32L021_Release'
assembling startup_hc32l021.s...
compiling system_hc32l021.c...
compiling sysctrl.c...
compiling interrupts_hc32l021.c...
compiling btim.c...
compiling boot_param.c...
compiling ddl.c...
compiling board_stkhc32l021.c...
compiling gpio.c...
compiling main.c...
compiling i2c_iap_app.c...
compiling lpuart.c...
compiling hsi2c.c...
linking...
Program Size: Code=5976 RO-data=284 RW-data=4 ZI-data=2108  
FromELF: creating hex file...
After Build - User command #1: C:\Keil_v5\\ARM\ARMCC\bin\fromelf.exe --bin --output=HC32L021.bin .\output\release\HC32L021.axf?
".\output\release\HC32L021.axf" - 0 Error(s), 0 Warning(s).

<h2>Software Packages used:</h2>

Package Vendor: ARM
                http://www.keil.com/pack/ARM.CMSIS.5.4.0.pack
                ARM.CMSIS.5.4.0
                CMSIS (Cortex Microcontroller Software Interface Standard)
   * Component: CORE Version: 5.1.2

Package Vendor: HDSC
                https://raw.githubusercontent.com/hdscmcu/pack/master/HDSC.HC32L02x.1.1.0.pack
                HDSC.HC32L02x.1.1.0
                HC32L02x ARM Cortex-M0+ Device Family Pack

<h2>Collection of Component include folders:</h2>
  .\RTE\_HC32L021_Release
  C:\Keil_v5\ARM\PACK\ARM\CMSIS\5.4.0\CMSIS\Core\Include
  C:\Keil_v5\ARM\PACK\HDSC\HC32L02x\1.1.0\Device\Include

<h2>Collection of Component Files used:</h2>

   * Component: ARM::CMSIS:CORE:5.1.2
Build Time Elapsed:  00:00:01
</pre>
</body>
</html>
