<!doctype html public "-//w3c//dtd html 4.0 transitional//en">
<html><head>
<title>Static Call Graph - [.\output\release\HC32L021.axf]</title></head>
<body><HR>
<H1>Static Call Graph for image .\output\release\HC32L021.axf</H1><HR>
<BR><P>#&#060CALLGRAPH&#062# ARM Linker, 6100100: Last Updated: Mon Jun 22 17:50:33 2026
<BR><P>
<H3>Maximum Stack Usage =        304 bytes + Unknown(Cycles, Untraceable Function Pointers)</H3><H3>
Call chain for Maximum Stack Depth:</H3>
main &rArr; $Super$$main &rArr; Btim1Config &rArr; __aeabi_dmul &rArr; _double_epilogue &rArr; __aeabi_llsl
<P>
<H3>
Mutually Recursive functions
</H3> <LI><a href="#[1]">NMI_Handler</a>&nbsp;&nbsp;&nbsp;&rArr;&nbsp;&nbsp;&nbsp;<a href="#[1]">NMI_Handler</a><BR>
 <LI><a href="#[3]">SVC_Handler</a>&nbsp;&nbsp;&nbsp;&rArr;&nbsp;&nbsp;&nbsp;<a href="#[3]">SVC_Handler</a><BR>
 <LI><a href="#[4]">PendSV_Handler</a>&nbsp;&nbsp;&nbsp;&rArr;&nbsp;&nbsp;&nbsp;<a href="#[4]">PendSV_Handler</a><BR>
</UL>
<P>
<H3>
Function Pointers
</H3><UL>
 <LI><a href="#[11]">ADC_IRQHandler</a> from interrupts_hc32l021.o(.text.ADC_IRQHandler) referenced from startup_hc32l021.o(RESET)
 <LI><a href="#[8]">ATIM3_IRQHandler</a> from interrupts_hc32l021.o(.text.ATIM3_IRQHandler) referenced from startup_hc32l021.o(RESET)
 <LI><a href="#[c]">CTIM0_IRQHandler</a> from interrupts_hc32l021.o(.text.CTIM0_IRQHandler) referenced from startup_hc32l021.o(RESET)
 <LI><a href="#[d]">CTIM1_IRQHandler</a> from interrupts_hc32l021.o(.text.CTIM1_IRQHandler) referenced from startup_hc32l021.o(RESET)
 <LI><a href="#[16]">CTRIM_CLKDET_IRQHandler</a> from interrupts_hc32l021.o(.text.CTRIM_CLKDET_IRQHandler) referenced from startup_hc32l021.o(RESET)
 <LI><a href="#[15]">FLASH_IRQHandler</a> from interrupts_hc32l021.o(.text.FLASH_IRQHandler) referenced from startup_hc32l021.o(RESET)
 <LI><a href="#[e]">HSI2C_IRQHandler</a> from interrupts_hc32l021.o(.text.HSI2C_IRQHandler) referenced from startup_hc32l021.o(RESET)
 <LI><a href="#[2]">HardFault_Handler</a> from interrupts_hc32l021.o(.text.HardFault_Handler) referenced from startup_hc32l021.o(RESET)
 <LI><a href="#[f]">IWDT_IRQHandler</a> from interrupts_hc32l021.o(.text.IWDT_IRQHandler) referenced from startup_hc32l021.o(RESET)
 <LI><a href="#[9]">LPUART0_IRQHandler</a> from interrupts_hc32l021.o(.text.LPUART0_IRQHandler) referenced from startup_hc32l021.o(RESET)
 <LI><a href="#[a]">LPUART1_IRQHandler</a> from interrupts_hc32l021.o(.text.LPUART1_IRQHandler) referenced from startup_hc32l021.o(RESET)
 <LI><a href="#[14]">LVD_IRQHandler</a> from interrupts_hc32l021.o(.text.LVD_IRQHandler) referenced from startup_hc32l021.o(RESET)
 <LI><a href="#[1]">NMI_Handler</a> from startup_hc32l021.o(.text) referenced from startup_hc32l021.o(RESET)
 <LI><a href="#[6]">PORTA_IRQHandler</a> from interrupts_hc32l021.o(.text.PORTA_IRQHandler) referenced from startup_hc32l021.o(RESET)
 <LI><a href="#[7]">PORTB_IRQHandler</a> from interrupts_hc32l021.o(.text.PORTB_IRQHandler) referenced from startup_hc32l021.o(RESET)
 <LI><a href="#[4]">PendSV_Handler</a> from startup_hc32l021.o(.text) referenced from startup_hc32l021.o(RESET)
 <LI><a href="#[10]">RTC_IRQHandler</a> from interrupts_hc32l021.o(.text.RTC_IRQHandler) referenced from startup_hc32l021.o(RESET)
 <LI><a href="#[0]">Reset_Handler</a> from startup_hc32l021.o(.text) referenced from startup_hc32l021.o(RESET)
 <LI><a href="#[b]">SPI_IRQHandler</a> from interrupts_hc32l021.o(.text.SPI_IRQHandler) referenced from startup_hc32l021.o(RESET)
 <LI><a href="#[3]">SVC_Handler</a> from startup_hc32l021.o(.text) referenced from startup_hc32l021.o(RESET)
 <LI><a href="#[5]">SysTick_Handler</a> from interrupts_hc32l021.o(.text.SysTick_Handler) referenced from startup_hc32l021.o(RESET)
 <LI><a href="#[18]">SystemInit</a> from system_hc32l021.o(.text.SystemInit) referenced from startup_hc32l021.o(.text)
 <LI><a href="#[12]">VC0_IRQHandler</a> from interrupts_hc32l021.o(.text.VC0_IRQHandler) referenced from startup_hc32l021.o(RESET)
 <LI><a href="#[13]">VC1_IRQHandler</a> from interrupts_hc32l021.o(.text.VC1_IRQHandler) referenced from startup_hc32l021.o(RESET)
 <LI><a href="#[19]">__main</a> from entry.o(.ARM.Collect$$$$00000000) referenced from startup_hc32l021.o(.text)
 <LI><a href="#[17]">main</a> from system_hc32l021.o(.text.$Sub$$main) referenced from entry9a.o(.ARM.Collect$$$$0000000B)
</UL>
<P>
<H3>
Global Symbols
</H3>
<P><STRONG><a name="[19]"></a>__main</STRONG> (Thumb, 0 bytes, Stack size unknown bytes, entry.o(.ARM.Collect$$$$00000000))
<BR>[Address Reference Count : 1]<UL><LI> startup_hc32l021.o(.text)
</UL>
<P><STRONG><a name="[73]"></a>_main_stk</STRONG> (Thumb, 0 bytes, Stack size unknown bytes, entry2.o(.ARM.Collect$$$$00000001))

<P><STRONG><a name="[2c]"></a>_main_scatterload</STRONG> (Thumb, 0 bytes, Stack size unknown bytes, entry5.o(.ARM.Collect$$$$00000004))
<BR><BR>[Calls]<UL><LI><a href="#[2d]">&gt;&gt;</a>&nbsp;&nbsp;&nbsp;__scatterload
</UL>

<P><STRONG><a name="[40]"></a>__main_after_scatterload</STRONG> (Thumb, 0 bytes, Stack size unknown bytes, entry5.o(.ARM.Collect$$$$00000004))
<BR><BR>[Called By]<UL><LI><a href="#[2d]">&gt;&gt;</a>&nbsp;&nbsp;&nbsp;__scatterload
</UL>

<P><STRONG><a name="[74]"></a>_main_clock</STRONG> (Thumb, 0 bytes, Stack size unknown bytes, entry7b.o(.ARM.Collect$$$$00000008))

<P><STRONG><a name="[75]"></a>_main_cpp_init</STRONG> (Thumb, 0 bytes, Stack size unknown bytes, entry8b.o(.ARM.Collect$$$$0000000A))

<P><STRONG><a name="[76]"></a>_main_init</STRONG> (Thumb, 0 bytes, Stack size unknown bytes, entry9a.o(.ARM.Collect$$$$0000000B))

<P><STRONG><a name="[77]"></a>__rt_final_cpp</STRONG> (Thumb, 0 bytes, Stack size unknown bytes, entry10a.o(.ARM.Collect$$$$0000000D))

<P><STRONG><a name="[78]"></a>__rt_final_exit</STRONG> (Thumb, 0 bytes, Stack size unknown bytes, entry11a.o(.ARM.Collect$$$$0000000F))

<P><STRONG><a name="[0]"></a>Reset_Handler</STRONG> (Thumb, 26 bytes, Stack size 0 bytes, startup_hc32l021.o(.text))
<BR>[Address Reference Count : 1]<UL><LI> startup_hc32l021.o(RESET)
</UL>
<P><STRONG><a name="[1]"></a>NMI_Handler</STRONG> (Thumb, 2 bytes, Stack size 0 bytes, startup_hc32l021.o(.text))
<BR><BR>[Calls]<UL><LI><a href="#[1]">&gt;&gt;</a>&nbsp;&nbsp;&nbsp;NMI_Handler
</UL>
<BR>[Called By]<UL><LI><a href="#[1]">&gt;&gt;</a>&nbsp;&nbsp;&nbsp;NMI_Handler
</UL>
<BR>[Address Reference Count : 1]<UL><LI> startup_hc32l021.o(RESET)
</UL>
<P><STRONG><a name="[3]"></a>SVC_Handler</STRONG> (Thumb, 2 bytes, Stack size 0 bytes, startup_hc32l021.o(.text))
<BR><BR>[Calls]<UL><LI><a href="#[3]">&gt;&gt;</a>&nbsp;&nbsp;&nbsp;SVC_Handler
</UL>
<BR>[Called By]<UL><LI><a href="#[3]">&gt;&gt;</a>&nbsp;&nbsp;&nbsp;SVC_Handler
</UL>
<BR>[Address Reference Count : 1]<UL><LI> startup_hc32l021.o(RESET)
</UL>
<P><STRONG><a name="[4]"></a>PendSV_Handler</STRONG> (Thumb, 2 bytes, Stack size 0 bytes, startup_hc32l021.o(.text))
<BR><BR>[Calls]<UL><LI><a href="#[4]">&gt;&gt;</a>&nbsp;&nbsp;&nbsp;PendSV_Handler
</UL>
<BR>[Called By]<UL><LI><a href="#[4]">&gt;&gt;</a>&nbsp;&nbsp;&nbsp;PendSV_Handler
</UL>
<BR>[Address Reference Count : 1]<UL><LI> startup_hc32l021.o(RESET)
</UL>
<P><STRONG><a name="[58]"></a>__aeabi_uidiv</STRONG> (Thumb, 0 bytes, Stack size 12 bytes, uidiv.o(.text))
<BR><BR>[Stack]<UL><LI>Max Depth = 12<LI>Call Chain = __aeabi_uidiv
</UL>
<BR>[Called By]<UL><LI><a href="#[65]">&gt;&gt;</a>&nbsp;&nbsp;&nbsp;LPUART_Init
<LI><a href="#[57]">&gt;&gt;</a>&nbsp;&nbsp;&nbsp;DDL_Delay1ms
</UL>

<P><STRONG><a name="[79]"></a>__aeabi_uidivmod</STRONG> (Thumb, 44 bytes, Stack size 12 bytes, uidiv.o(.text), UNUSED)

<P><STRONG><a name="[43]"></a>__aeabi_memcpy</STRONG> (Thumb, 36 bytes, Stack size 0 bytes, memcpya.o(.text))
<BR><BR>[Called By]<UL><LI><a href="#[42]">&gt;&gt;</a>&nbsp;&nbsp;&nbsp;APP_BuildResponse
<LI><a href="#[64]">&gt;&gt;</a>&nbsp;&nbsp;&nbsp;IAP_APP_Task
</UL>

<P><STRONG><a name="[7a]"></a>__aeabi_memcpy4</STRONG> (Thumb, 0 bytes, Stack size 0 bytes, memcpya.o(.text), UNUSED)

<P><STRONG><a name="[7b]"></a>__aeabi_memcpy8</STRONG> (Thumb, 0 bytes, Stack size 0 bytes, memcpya.o(.text), UNUSED)

<P><STRONG><a name="[2f]"></a>__aeabi_memset</STRONG> (Thumb, 14 bytes, Stack size 0 bytes, memseta.o(.text), UNUSED)
<BR><BR>[Called By]<UL><LI><a href="#[30]">&gt;&gt;</a>&nbsp;&nbsp;&nbsp;_memset$wrapper
<LI><a href="#[2e]">&gt;&gt;</a>&nbsp;&nbsp;&nbsp;__aeabi_memclr
</UL>

<P><STRONG><a name="[7c]"></a>__aeabi_memset4</STRONG> (Thumb, 0 bytes, Stack size 0 bytes, memseta.o(.text), UNUSED)

<P><STRONG><a name="[7d]"></a>__aeabi_memset8</STRONG> (Thumb, 0 bytes, Stack size 0 bytes, memseta.o(.text), UNUSED)

<P><STRONG><a name="[2e]"></a>__aeabi_memclr</STRONG> (Thumb, 4 bytes, Stack size 0 bytes, memseta.o(.text), UNUSED)
<BR><BR>[Calls]<UL><LI><a href="#[2f]">&gt;&gt;</a>&nbsp;&nbsp;&nbsp;__aeabi_memset
</UL>

<P><STRONG><a name="[46]"></a>__aeabi_memclr4</STRONG> (Thumb, 0 bytes, Stack size 0 bytes, memseta.o(.text))
<BR><BR>[Called By]<UL><LI><a href="#[6d]">&gt;&gt;</a>&nbsp;&nbsp;&nbsp;STK_LEDConfig
<LI><a href="#[6c]">&gt;&gt;</a>&nbsp;&nbsp;&nbsp;STK_EvsyncConfig
<LI><a href="#[6b]">&gt;&gt;</a>&nbsp;&nbsp;&nbsp;STK_AIMConfig
<LI><a href="#[52]">&gt;&gt;</a>&nbsp;&nbsp;&nbsp;Btim1Config
<LI><a href="#[4b]">&gt;&gt;</a>&nbsp;&nbsp;&nbsp;Btim0Config
<LI><a href="#[45]">&gt;&gt;</a>&nbsp;&nbsp;&nbsp;BTIM_StcInit
<LI><a href="#[41]">&gt;&gt;</a>&nbsp;&nbsp;&nbsp;$Super$$main
<LI><a href="#[5f]">&gt;&gt;</a>&nbsp;&nbsp;&nbsp;IAP_APP_Init
</UL>

<P><STRONG><a name="[7e]"></a>__aeabi_memclr8</STRONG> (Thumb, 0 bytes, Stack size 0 bytes, memseta.o(.text), UNUSED)

<P><STRONG><a name="[30]"></a>_memset$wrapper</STRONG> (Thumb, 18 bytes, Stack size 8 bytes, memseta.o(.text), UNUSED)
<BR><BR>[Calls]<UL><LI><a href="#[2f]">&gt;&gt;</a>&nbsp;&nbsp;&nbsp;__aeabi_memset
</UL>

<P><STRONG><a name="[31]"></a>__aeabi_fadd</STRONG> (Thumb, 162 bytes, Stack size 24 bytes, fadd.o(.text))
<BR><BR>[Stack]<UL><LI>Max Depth = 36<LI>Call Chain = __aeabi_fadd &rArr; _float_epilogue
</UL>
<BR>[Calls]<UL><LI><a href="#[33]">&gt;&gt;</a>&nbsp;&nbsp;&nbsp;_float_round
<LI><a href="#[32]">&gt;&gt;</a>&nbsp;&nbsp;&nbsp;_float_epilogue
</UL>
<BR>[Called By]<UL><LI><a href="#[65]">&gt;&gt;</a>&nbsp;&nbsp;&nbsp;LPUART_Init
<LI><a href="#[35]">&gt;&gt;</a>&nbsp;&nbsp;&nbsp;__aeabi_frsub
<LI><a href="#[34]">&gt;&gt;</a>&nbsp;&nbsp;&nbsp;__aeabi_fsub
</UL>

<P><STRONG><a name="[34]"></a>__aeabi_fsub</STRONG> (Thumb, 8 bytes, Stack size 0 bytes, fadd.o(.text), UNUSED)
<BR><BR>[Calls]<UL><LI><a href="#[31]">&gt;&gt;</a>&nbsp;&nbsp;&nbsp;__aeabi_fadd
</UL>

<P><STRONG><a name="[35]"></a>__aeabi_frsub</STRONG> (Thumb, 8 bytes, Stack size 0 bytes, fadd.o(.text), UNUSED)
<BR><BR>[Calls]<UL><LI><a href="#[31]">&gt;&gt;</a>&nbsp;&nbsp;&nbsp;__aeabi_fadd
</UL>

<P><STRONG><a name="[36]"></a>__aeabi_fdiv</STRONG> (Thumb, 124 bytes, Stack size 16 bytes, fdiv.o(.text))
<BR><BR>[Stack]<UL><LI>Max Depth = 16<LI>Call Chain = __aeabi_fdiv
</UL>
<BR>[Calls]<UL><LI><a href="#[33]">&gt;&gt;</a>&nbsp;&nbsp;&nbsp;_float_round
</UL>
<BR>[Called By]<UL><LI><a href="#[65]">&gt;&gt;</a>&nbsp;&nbsp;&nbsp;LPUART_Init
</UL>

<P><STRONG><a name="[37]"></a>__aeabi_dmul</STRONG> (Thumb, 202 bytes, Stack size 72 bytes, dmul.o(.text))
<BR><BR>[Stack]<UL><LI>Max Depth = 128<LI>Call Chain = __aeabi_dmul &rArr; _double_epilogue &rArr; __aeabi_llsl
</UL>
<BR>[Calls]<UL><LI><a href="#[38]">&gt;&gt;</a>&nbsp;&nbsp;&nbsp;_double_epilogue
</UL>
<BR>[Called By]<UL><LI><a href="#[52]">&gt;&gt;</a>&nbsp;&nbsp;&nbsp;Btim1Config
<LI><a href="#[4b]">&gt;&gt;</a>&nbsp;&nbsp;&nbsp;Btim0Config
</UL>

<P><STRONG><a name="[39]"></a>__aeabi_ui2f</STRONG> (Thumb, 14 bytes, Stack size 8 bytes, ffltui.o(.text))
<BR><BR>[Stack]<UL><LI>Max Depth = 20<LI>Call Chain = __aeabi_ui2f &rArr; _float_epilogue
</UL>
<BR>[Calls]<UL><LI><a href="#[32]">&gt;&gt;</a>&nbsp;&nbsp;&nbsp;_float_epilogue
</UL>
<BR>[Called By]<UL><LI><a href="#[65]">&gt;&gt;</a>&nbsp;&nbsp;&nbsp;LPUART_Init
</UL>

<P><STRONG><a name="[3a]"></a>__aeabi_ui2d</STRONG> (Thumb, 24 bytes, Stack size 16 bytes, dfltui.o(.text))
<BR><BR>[Stack]<UL><LI>Max Depth = 72<LI>Call Chain = __aeabi_ui2d &rArr; _double_epilogue &rArr; __aeabi_llsl
</UL>
<BR>[Calls]<UL><LI><a href="#[38]">&gt;&gt;</a>&nbsp;&nbsp;&nbsp;_double_epilogue
</UL>
<BR>[Called By]<UL><LI><a href="#[52]">&gt;&gt;</a>&nbsp;&nbsp;&nbsp;Btim1Config
<LI><a href="#[4b]">&gt;&gt;</a>&nbsp;&nbsp;&nbsp;Btim0Config
</UL>

<P><STRONG><a name="[66]"></a>__aeabi_f2uiz</STRONG> (Thumb, 40 bytes, Stack size 0 bytes, ffixui.o(.text))
<BR><BR>[Called By]<UL><LI><a href="#[65]">&gt;&gt;</a>&nbsp;&nbsp;&nbsp;LPUART_Init
</UL>

<P><STRONG><a name="[3b]"></a>__aeabi_d2uiz</STRONG> (Thumb, 50 bytes, Stack size 8 bytes, dfixui.o(.text))
<BR><BR>[Stack]<UL><LI>Max Depth = 16<LI>Call Chain = __aeabi_d2uiz &rArr; __aeabi_llsr
</UL>
<BR>[Calls]<UL><LI><a href="#[3c]">&gt;&gt;</a>&nbsp;&nbsp;&nbsp;__aeabi_llsr
</UL>
<BR>[Called By]<UL><LI><a href="#[52]">&gt;&gt;</a>&nbsp;&nbsp;&nbsp;Btim1Config
<LI><a href="#[4b]">&gt;&gt;</a>&nbsp;&nbsp;&nbsp;Btim0Config
</UL>

<P><STRONG><a name="[3c]"></a>__aeabi_llsr</STRONG> (Thumb, 34 bytes, Stack size 8 bytes, llushr.o(.text))
<BR><BR>[Stack]<UL><LI>Max Depth = 8<LI>Call Chain = __aeabi_llsr
</UL>
<BR>[Called By]<UL><LI><a href="#[3b]">&gt;&gt;</a>&nbsp;&nbsp;&nbsp;__aeabi_d2uiz
<LI><a href="#[38]">&gt;&gt;</a>&nbsp;&nbsp;&nbsp;_double_epilogue
</UL>

<P><STRONG><a name="[7f]"></a>_ll_ushift_r</STRONG> (Thumb, 0 bytes, Stack size 8 bytes, llushr.o(.text), UNUSED)

<P><STRONG><a name="[80]"></a>__I$use$fp</STRONG> (Thumb, 0 bytes, Stack size 0 bytes, iusefp.o(.text), UNUSED)

<P><STRONG><a name="[33]"></a>_float_round</STRONG> (Thumb, 16 bytes, Stack size 0 bytes, fepilogue.o(.text))
<BR><BR>[Called By]<UL><LI><a href="#[36]">&gt;&gt;</a>&nbsp;&nbsp;&nbsp;__aeabi_fdiv
<LI><a href="#[31]">&gt;&gt;</a>&nbsp;&nbsp;&nbsp;__aeabi_fadd
</UL>

<P><STRONG><a name="[32]"></a>_float_epilogue</STRONG> (Thumb, 114 bytes, Stack size 12 bytes, fepilogue.o(.text))
<BR><BR>[Stack]<UL><LI>Max Depth = 12<LI>Call Chain = _float_epilogue
</UL>
<BR>[Called By]<UL><LI><a href="#[39]">&gt;&gt;</a>&nbsp;&nbsp;&nbsp;__aeabi_ui2f
<LI><a href="#[31]">&gt;&gt;</a>&nbsp;&nbsp;&nbsp;__aeabi_fadd
</UL>

<P><STRONG><a name="[3f]"></a>_double_round</STRONG> (Thumb, 26 bytes, Stack size 8 bytes, depilogue.o(.text))
<BR><BR>[Stack]<UL><LI>Max Depth = 8<LI>Call Chain = _double_round
</UL>
<BR>[Called By]<UL><LI><a href="#[38]">&gt;&gt;</a>&nbsp;&nbsp;&nbsp;_double_epilogue
</UL>

<P><STRONG><a name="[38]"></a>_double_epilogue</STRONG> (Thumb, 164 bytes, Stack size 48 bytes, depilogue.o(.text))
<BR><BR>[Stack]<UL><LI>Max Depth = 56<LI>Call Chain = _double_epilogue &rArr; __aeabi_llsl
</UL>
<BR>[Calls]<UL><LI><a href="#[3e]">&gt;&gt;</a>&nbsp;&nbsp;&nbsp;__aeabi_llsl
<LI><a href="#[3d]">&gt;&gt;</a>&nbsp;&nbsp;&nbsp;__ARM_clz
<LI><a href="#[3f]">&gt;&gt;</a>&nbsp;&nbsp;&nbsp;_double_round
<LI><a href="#[3c]">&gt;&gt;</a>&nbsp;&nbsp;&nbsp;__aeabi_llsr
</UL>
<BR>[Called By]<UL><LI><a href="#[3a]">&gt;&gt;</a>&nbsp;&nbsp;&nbsp;__aeabi_ui2d
<LI><a href="#[37]">&gt;&gt;</a>&nbsp;&nbsp;&nbsp;__aeabi_dmul
</UL>

<P><STRONG><a name="[2d]"></a>__scatterload</STRONG> (Thumb, 28 bytes, Stack size 0 bytes, init.o(.text))
<BR><BR>[Calls]<UL><LI><a href="#[40]">&gt;&gt;</a>&nbsp;&nbsp;&nbsp;__main_after_scatterload
</UL>
<BR>[Called By]<UL><LI><a href="#[2c]">&gt;&gt;</a>&nbsp;&nbsp;&nbsp;_main_scatterload
</UL>

<P><STRONG><a name="[81]"></a>__scatterload_rt2</STRONG> (Thumb, 0 bytes, Stack size 0 bytes, init.o(.text), UNUSED)

<P><STRONG><a name="[3e]"></a>__aeabi_llsl</STRONG> (Thumb, 32 bytes, Stack size 8 bytes, llshl.o(.text))
<BR><BR>[Stack]<UL><LI>Max Depth = 8<LI>Call Chain = __aeabi_llsl
</UL>
<BR>[Called By]<UL><LI><a href="#[38]">&gt;&gt;</a>&nbsp;&nbsp;&nbsp;_double_epilogue
</UL>

<P><STRONG><a name="[82]"></a>_ll_shift_l</STRONG> (Thumb, 0 bytes, Stack size 8 bytes, llshl.o(.text), UNUSED)

<P><STRONG><a name="[17]"></a>main</STRONG> (Thumb, 14 bytes, Stack size 8 bytes, system_hc32l021.o(.text.$Sub$$main))
<BR><BR>[Stack]<UL><LI>Max Depth = 304<LI>Call Chain = main &rArr; $Super$$main &rArr; Btim1Config &rArr; __aeabi_dmul &rArr; _double_epilogue &rArr; __aeabi_llsl
</UL>
<BR>[Calls]<UL><LI><a href="#[18]">&gt;&gt;</a>&nbsp;&nbsp;&nbsp;SystemInit
<LI><a href="#[41]">&gt;&gt;</a>&nbsp;&nbsp;&nbsp;$Super$$main
</UL>
<BR>[Address Reference Count : 1]<UL><LI> entry9a.o(.ARM.Collect$$$$0000000B)
</UL>
<P><STRONG><a name="[11]"></a>ADC_IRQHandler</STRONG> (Thumb, 8 bytes, Stack size 8 bytes, interrupts_hc32l021.o(.text.ADC_IRQHandler))
<BR><BR>[Stack]<UL><LI>Max Depth = 8<LI>Call Chain = ADC_IRQHandler
</UL>
<BR>[Calls]<UL><LI><a href="#[1a]">&gt;&gt;</a>&nbsp;&nbsp;&nbsp;Adc_IRQHandler
</UL>
<BR>[Address Reference Count : 1]<UL><LI> startup_hc32l021.o(RESET)
</UL>
<P><STRONG><a name="[8]"></a>ATIM3_IRQHandler</STRONG> (Thumb, 8 bytes, Stack size 8 bytes, interrupts_hc32l021.o(.text.ATIM3_IRQHandler))
<BR><BR>[Stack]<UL><LI>Max Depth = 8<LI>Call Chain = ATIM3_IRQHandler
</UL>
<BR>[Calls]<UL><LI><a href="#[1b]">&gt;&gt;</a>&nbsp;&nbsp;&nbsp;Atim3_IRQHandler
</UL>
<BR>[Address Reference Count : 1]<UL><LI> startup_hc32l021.o(RESET)
</UL>
<P><STRONG><a name="[1a]"></a>Adc_IRQHandler</STRONG> (Thumb, 2 bytes, Stack size 0 bytes, interrupts_hc32l021.o(.text.Adc_IRQHandler))
<BR><BR>[Called By]<UL><LI><a href="#[11]">&gt;&gt;</a>&nbsp;&nbsp;&nbsp;ADC_IRQHandler
</UL>

<P><STRONG><a name="[1b]"></a>Atim3_IRQHandler</STRONG> (Thumb, 2 bytes, Stack size 0 bytes, interrupts_hc32l021.o(.text.Atim3_IRQHandler))
<BR><BR>[Called By]<UL><LI><a href="#[8]">&gt;&gt;</a>&nbsp;&nbsp;&nbsp;ATIM3_IRQHandler
</UL>

<P><STRONG><a name="[54]"></a>BTIM_CounterSet</STRONG> (Thumb, 4 bytes, Stack size 0 bytes, btim.o(.text.BTIM_CounterSet))
<BR><BR>[Called By]<UL><LI><a href="#[2a]">&gt;&gt;</a>&nbsp;&nbsp;&nbsp;PortA_IRQHandler
<LI><a href="#[29]">&gt;&gt;</a>&nbsp;&nbsp;&nbsp;Ctim0_IRQHandler
</UL>

<P><STRONG><a name="[56]"></a>BTIM_Disable</STRONG> (Thumb, 10 bytes, Stack size 0 bytes, btim.o(.text.BTIM_Disable))
<BR><BR>[Called By]<UL><LI><a href="#[29]">&gt;&gt;</a>&nbsp;&nbsp;&nbsp;Ctim0_IRQHandler
</UL>

<P><STRONG><a name="[55]"></a>BTIM_Enable</STRONG> (Thumb, 10 bytes, Stack size 0 bytes, btim.o(.text.BTIM_Enable))
<BR><BR>[Called By]<UL><LI><a href="#[2a]">&gt;&gt;</a>&nbsp;&nbsp;&nbsp;PortA_IRQHandler
<LI><a href="#[29]">&gt;&gt;</a>&nbsp;&nbsp;&nbsp;Ctim0_IRQHandler
</UL>

<P><STRONG><a name="[4e]"></a>BTIM_Init</STRONG> (Thumb, 72 bytes, Stack size 28 bytes, btim.o(.text.BTIM_Init))
<BR><BR>[Stack]<UL><LI>Max Depth = 28<LI>Call Chain = BTIM_Init
</UL>
<BR>[Called By]<UL><LI><a href="#[52]">&gt;&gt;</a>&nbsp;&nbsp;&nbsp;Btim1Config
<LI><a href="#[4b]">&gt;&gt;</a>&nbsp;&nbsp;&nbsp;Btim0Config
</UL>

<P><STRONG><a name="[50]"></a>BTIM_IntEnable</STRONG> (Thumb, 8 bytes, Stack size 0 bytes, btim.o(.text.BTIM_IntEnable))
<BR><BR>[Called By]<UL><LI><a href="#[52]">&gt;&gt;</a>&nbsp;&nbsp;&nbsp;Btim1Config
<LI><a href="#[4b]">&gt;&gt;</a>&nbsp;&nbsp;&nbsp;Btim0Config
</UL>

<P><STRONG><a name="[4f]"></a>BTIM_IntFlagClear</STRONG> (Thumb, 8 bytes, Stack size 0 bytes, btim.o(.text.BTIM_IntFlagClear))
<BR><BR>[Called By]<UL><LI><a href="#[52]">&gt;&gt;</a>&nbsp;&nbsp;&nbsp;Btim1Config
<LI><a href="#[4b]">&gt;&gt;</a>&nbsp;&nbsp;&nbsp;Btim0Config
<LI><a href="#[29]">&gt;&gt;</a>&nbsp;&nbsp;&nbsp;Ctim0_IRQHandler
</UL>

<P><STRONG><a name="[53]"></a>BTIM_IntFlagGet</STRONG> (Thumb, 14 bytes, Stack size 0 bytes, btim.o(.text.BTIM_IntFlagGet))
<BR><BR>[Called By]<UL><LI><a href="#[29]">&gt;&gt;</a>&nbsp;&nbsp;&nbsp;Ctim0_IRQHandler
</UL>

<P><STRONG><a name="[45]"></a>BTIM_StcInit</STRONG> (Thumb, 20 bytes, Stack size 8 bytes, btim.o(.text.BTIM_StcInit))
<BR><BR>[Stack]<UL><LI>Max Depth = 8<LI>Call Chain = BTIM_StcInit
</UL>
<BR>[Calls]<UL><LI><a href="#[46]">&gt;&gt;</a>&nbsp;&nbsp;&nbsp;__aeabi_memclr4
</UL>
<BR>[Called By]<UL><LI><a href="#[52]">&gt;&gt;</a>&nbsp;&nbsp;&nbsp;Btim1Config
<LI><a href="#[4b]">&gt;&gt;</a>&nbsp;&nbsp;&nbsp;Btim0Config
</UL>

<P><STRONG><a name="[47]"></a>BootParam_CalcHeaderCrc</STRONG> (Thumb, 14 bytes, Stack size 8 bytes, boot_param.o(.text.BootParam_CalcHeaderCrc))
<BR><BR>[Stack]<UL><LI>Max Depth = 40<LI>Call Chain = BootParam_CalcHeaderCrc &rArr; HC32_CalCrc16
</UL>
<BR>[Calls]<UL><LI><a href="#[44]">&gt;&gt;</a>&nbsp;&nbsp;&nbsp;HC32_CalCrc16
</UL>
<BR>[Called By]<UL><LI><a href="#[48]">&gt;&gt;</a>&nbsp;&nbsp;&nbsp;BootParam_WriteState
</UL>

<P><STRONG><a name="[6f]"></a>BootParam_Read</STRONG> (Thumb, 20 bytes, Stack size 0 bytes, boot_param.o(.text.BootParam_Read))
<BR><BR>[Called By]<UL><LI><a href="#[41]">&gt;&gt;</a>&nbsp;&nbsp;&nbsp;$Super$$main
</UL>

<P><STRONG><a name="[48]"></a>BootParam_WriteState</STRONG> (Thumb, 76 bytes, Stack size 48 bytes, boot_param.o(.text.BootParam_WriteState))
<BR><BR>[Stack]<UL><LI>Max Depth = 88<LI>Call Chain = BootParam_WriteState &rArr; HC32_FlashWriteBytes
</UL>
<BR>[Calls]<UL><LI><a href="#[4a]">&gt;&gt;</a>&nbsp;&nbsp;&nbsp;HC32_FlashWriteBytes
<LI><a href="#[49]">&gt;&gt;</a>&nbsp;&nbsp;&nbsp;HC32_FlashEraseSector
<LI><a href="#[47]">&gt;&gt;</a>&nbsp;&nbsp;&nbsp;BootParam_CalcHeaderCrc
</UL>
<BR>[Called By]<UL><LI><a href="#[41]">&gt;&gt;</a>&nbsp;&nbsp;&nbsp;$Super$$main
<LI><a href="#[64]">&gt;&gt;</a>&nbsp;&nbsp;&nbsp;IAP_APP_Task
</UL>

<P><STRONG><a name="[4b]"></a>Btim0Config</STRONG> (Thumb, 120 bytes, Stack size 48 bytes, board_stkhc32l021.o(.text.Btim0Config))
<BR><BR>[Stack]<UL><LI>Max Depth = 176<LI>Call Chain = Btim0Config &rArr; __aeabi_dmul &rArr; _double_epilogue &rArr; __aeabi_llsl
</UL>
<BR>[Calls]<UL><LI><a href="#[3a]">&gt;&gt;</a>&nbsp;&nbsp;&nbsp;__aeabi_ui2d
<LI><a href="#[37]">&gt;&gt;</a>&nbsp;&nbsp;&nbsp;__aeabi_dmul
<LI><a href="#[3b]">&gt;&gt;</a>&nbsp;&nbsp;&nbsp;__aeabi_d2uiz
<LI><a href="#[4d]">&gt;&gt;</a>&nbsp;&nbsp;&nbsp;SYSCTRL_PeriphClockEnable
<LI><a href="#[4c]">&gt;&gt;</a>&nbsp;&nbsp;&nbsp;SYSCTRL_FuncEnable
<LI><a href="#[51]">&gt;&gt;</a>&nbsp;&nbsp;&nbsp;EnableNvic
<LI><a href="#[45]">&gt;&gt;</a>&nbsp;&nbsp;&nbsp;BTIM_StcInit
<LI><a href="#[4f]">&gt;&gt;</a>&nbsp;&nbsp;&nbsp;BTIM_IntFlagClear
<LI><a href="#[50]">&gt;&gt;</a>&nbsp;&nbsp;&nbsp;BTIM_IntEnable
<LI><a href="#[4e]">&gt;&gt;</a>&nbsp;&nbsp;&nbsp;BTIM_Init
<LI><a href="#[46]">&gt;&gt;</a>&nbsp;&nbsp;&nbsp;__aeabi_memclr4
</UL>
<BR>[Called By]<UL><LI><a href="#[41]">&gt;&gt;</a>&nbsp;&nbsp;&nbsp;$Super$$main
</UL>

<P><STRONG><a name="[52]"></a>Btim1Config</STRONG> (Thumb, 120 bytes, Stack size 48 bytes, board_stkhc32l021.o(.text.Btim1Config))
<BR><BR>[Stack]<UL><LI>Max Depth = 176<LI>Call Chain = Btim1Config &rArr; __aeabi_dmul &rArr; _double_epilogue &rArr; __aeabi_llsl
</UL>
<BR>[Calls]<UL><LI><a href="#[3a]">&gt;&gt;</a>&nbsp;&nbsp;&nbsp;__aeabi_ui2d
<LI><a href="#[37]">&gt;&gt;</a>&nbsp;&nbsp;&nbsp;__aeabi_dmul
<LI><a href="#[3b]">&gt;&gt;</a>&nbsp;&nbsp;&nbsp;__aeabi_d2uiz
<LI><a href="#[4d]">&gt;&gt;</a>&nbsp;&nbsp;&nbsp;SYSCTRL_PeriphClockEnable
<LI><a href="#[4c]">&gt;&gt;</a>&nbsp;&nbsp;&nbsp;SYSCTRL_FuncEnable
<LI><a href="#[51]">&gt;&gt;</a>&nbsp;&nbsp;&nbsp;EnableNvic
<LI><a href="#[45]">&gt;&gt;</a>&nbsp;&nbsp;&nbsp;BTIM_StcInit
<LI><a href="#[4f]">&gt;&gt;</a>&nbsp;&nbsp;&nbsp;BTIM_IntFlagClear
<LI><a href="#[50]">&gt;&gt;</a>&nbsp;&nbsp;&nbsp;BTIM_IntEnable
<LI><a href="#[4e]">&gt;&gt;</a>&nbsp;&nbsp;&nbsp;BTIM_Init
<LI><a href="#[46]">&gt;&gt;</a>&nbsp;&nbsp;&nbsp;__aeabi_memclr4
</UL>
<BR>[Called By]<UL><LI><a href="#[41]">&gt;&gt;</a>&nbsp;&nbsp;&nbsp;$Super$$main
</UL>

<P><STRONG><a name="[c]"></a>CTIM0_IRQHandler</STRONG> (Thumb, 8 bytes, Stack size 8 bytes, interrupts_hc32l021.o(.text.CTIM0_IRQHandler))
<BR><BR>[Stack]<UL><LI>Max Depth = 32<LI>Call Chain = CTIM0_IRQHandler &rArr; Ctim0_IRQHandler
</UL>
<BR>[Calls]<UL><LI><a href="#[29]">&gt;&gt;</a>&nbsp;&nbsp;&nbsp;Ctim0_IRQHandler
</UL>
<BR>[Address Reference Count : 1]<UL><LI> startup_hc32l021.o(RESET)
</UL>
<P><STRONG><a name="[d]"></a>CTIM1_IRQHandler</STRONG> (Thumb, 8 bytes, Stack size 8 bytes, interrupts_hc32l021.o(.text.CTIM1_IRQHandler))
<BR><BR>[Stack]<UL><LI>Max Depth = 8<LI>Call Chain = CTIM1_IRQHandler
</UL>
<BR>[Calls]<UL><LI><a href="#[1c]">&gt;&gt;</a>&nbsp;&nbsp;&nbsp;Ctim1_IRQHandler
</UL>
<BR>[Address Reference Count : 1]<UL><LI> startup_hc32l021.o(RESET)
</UL>
<P><STRONG><a name="[16]"></a>CTRIM_CLKDET_IRQHandler</STRONG> (Thumb, 8 bytes, Stack size 8 bytes, interrupts_hc32l021.o(.text.CTRIM_CLKDET_IRQHandler))
<BR><BR>[Stack]<UL><LI>Max Depth = 8<LI>Call Chain = CTRIM_CLKDET_IRQHandler
</UL>
<BR>[Calls]<UL><LI><a href="#[1d]">&gt;&gt;</a>&nbsp;&nbsp;&nbsp;Ctrim_Clkdet_IRQHandler
</UL>
<BR>[Address Reference Count : 1]<UL><LI> startup_hc32l021.o(RESET)
</UL>
<P><STRONG><a name="[29]"></a>Ctim0_IRQHandler</STRONG> (Thumb, 124 bytes, Stack size 24 bytes, main.o(.text.Ctim0_IRQHandler))
<BR><BR>[Stack]<UL><LI>Max Depth = 24<LI>Call Chain = Ctim0_IRQHandler
</UL>
<BR>[Calls]<UL><LI><a href="#[4f]">&gt;&gt;</a>&nbsp;&nbsp;&nbsp;BTIM_IntFlagClear
<LI><a href="#[53]">&gt;&gt;</a>&nbsp;&nbsp;&nbsp;BTIM_IntFlagGet
<LI><a href="#[55]">&gt;&gt;</a>&nbsp;&nbsp;&nbsp;BTIM_Enable
<LI><a href="#[56]">&gt;&gt;</a>&nbsp;&nbsp;&nbsp;BTIM_Disable
<LI><a href="#[54]">&gt;&gt;</a>&nbsp;&nbsp;&nbsp;BTIM_CounterSet
</UL>
<BR>[Called By]<UL><LI><a href="#[c]">&gt;&gt;</a>&nbsp;&nbsp;&nbsp;CTIM0_IRQHandler
</UL>

<P><STRONG><a name="[1c]"></a>Ctim1_IRQHandler</STRONG> (Thumb, 2 bytes, Stack size 0 bytes, interrupts_hc32l021.o(.text.Ctim1_IRQHandler))
<BR><BR>[Called By]<UL><LI><a href="#[d]">&gt;&gt;</a>&nbsp;&nbsp;&nbsp;CTIM1_IRQHandler
</UL>

<P><STRONG><a name="[1d]"></a>Ctrim_Clkdet_IRQHandler</STRONG> (Thumb, 2 bytes, Stack size 0 bytes, interrupts_hc32l021.o(.text.Ctrim_Clkdet_IRQHandler))
<BR><BR>[Called By]<UL><LI><a href="#[16]">&gt;&gt;</a>&nbsp;&nbsp;&nbsp;CTRIM_CLKDET_IRQHandler
</UL>

<P><STRONG><a name="[57]"></a>DDL_Delay1ms</STRONG> (Thumb, 64 bytes, Stack size 16 bytes, ddl.o(.text.DDL_Delay1ms))
<BR><BR>[Stack]<UL><LI>Max Depth = 28<LI>Call Chain = DDL_Delay1ms &rArr; __aeabi_uidiv
</UL>
<BR>[Calls]<UL><LI><a href="#[58]">&gt;&gt;</a>&nbsp;&nbsp;&nbsp;__aeabi_uidiv
</UL>
<BR>[Called By]<UL><LI><a href="#[65]">&gt;&gt;</a>&nbsp;&nbsp;&nbsp;LPUART_Init
</UL>

<P><STRONG><a name="[5c]"></a>DDL_MemoryClear</STRONG> (Thumb, 20 bytes, Stack size 0 bytes, ddl.o(.text.DDL_MemoryClear))
<BR><BR>[Called By]<UL><LI><a href="#[5b]">&gt;&gt;</a>&nbsp;&nbsp;&nbsp;HSI2C_SlaveStcInit
</UL>

<P><STRONG><a name="[51]"></a>EnableNvic</STRONG> (Thumb, 136 bytes, Stack size 16 bytes, interrupts_hc32l021.o(.text.EnableNvic))
<BR><BR>[Stack]<UL><LI>Max Depth = 16<LI>Call Chain = EnableNvic
</UL>
<BR>[Called By]<UL><LI><a href="#[6c]">&gt;&gt;</a>&nbsp;&nbsp;&nbsp;STK_EvsyncConfig
<LI><a href="#[52]">&gt;&gt;</a>&nbsp;&nbsp;&nbsp;Btim1Config
<LI><a href="#[4b]">&gt;&gt;</a>&nbsp;&nbsp;&nbsp;Btim0Config
<LI><a href="#[5f]">&gt;&gt;</a>&nbsp;&nbsp;&nbsp;IAP_APP_Init
</UL>

<P><STRONG><a name="[15]"></a>FLASH_IRQHandler</STRONG> (Thumb, 8 bytes, Stack size 8 bytes, interrupts_hc32l021.o(.text.FLASH_IRQHandler))
<BR><BR>[Stack]<UL><LI>Max Depth = 8<LI>Call Chain = FLASH_IRQHandler
</UL>
<BR>[Calls]<UL><LI><a href="#[1e]">&gt;&gt;</a>&nbsp;&nbsp;&nbsp;Flash_IRQHandler
</UL>
<BR>[Address Reference Count : 1]<UL><LI> startup_hc32l021.o(RESET)
</UL>
<P><STRONG><a name="[1e]"></a>Flash_IRQHandler</STRONG> (Thumb, 2 bytes, Stack size 0 bytes, interrupts_hc32l021.o(.text.Flash_IRQHandler))
<BR><BR>[Called By]<UL><LI><a href="#[15]">&gt;&gt;</a>&nbsp;&nbsp;&nbsp;FLASH_IRQHandler
</UL>

<P><STRONG><a name="[61]"></a>GPIO_Init</STRONG> (Thumb, 328 bytes, Stack size 16 bytes, gpio.o(.text.GPIO_Init))
<BR><BR>[Stack]<UL><LI>Max Depth = 16<LI>Call Chain = GPIO_Init
</UL>
<BR>[Called By]<UL><LI><a href="#[6d]">&gt;&gt;</a>&nbsp;&nbsp;&nbsp;STK_LEDConfig
<LI><a href="#[6c]">&gt;&gt;</a>&nbsp;&nbsp;&nbsp;STK_EvsyncConfig
<LI><a href="#[6b]">&gt;&gt;</a>&nbsp;&nbsp;&nbsp;STK_AIMConfig
<LI><a href="#[41]">&gt;&gt;</a>&nbsp;&nbsp;&nbsp;$Super$$main
<LI><a href="#[5f]">&gt;&gt;</a>&nbsp;&nbsp;&nbsp;IAP_APP_Init
</UL>

<P><STRONG><a name="[6a]"></a>GPIO_IntFlagClear</STRONG> (Thumb, 12 bytes, Stack size 0 bytes, gpio.o(.text.GPIO_IntFlagClear))
<BR><BR>[Called By]<UL><LI><a href="#[2a]">&gt;&gt;</a>&nbsp;&nbsp;&nbsp;PortA_IRQHandler
</UL>

<P><STRONG><a name="[69]"></a>GPIO_IntFlagGet</STRONG> (Thumb, 18 bytes, Stack size 0 bytes, gpio.o(.text.GPIO_IntFlagGet))
<BR><BR>[Called By]<UL><LI><a href="#[2a]">&gt;&gt;</a>&nbsp;&nbsp;&nbsp;PortA_IRQHandler
</UL>

<P><STRONG><a name="[60]"></a>GPIO_StcInit</STRONG> (Thumb, 16 bytes, Stack size 0 bytes, gpio.o(.text.GPIO_StcInit))
<BR><BR>[Called By]<UL><LI><a href="#[6d]">&gt;&gt;</a>&nbsp;&nbsp;&nbsp;STK_LEDConfig
<LI><a href="#[6c]">&gt;&gt;</a>&nbsp;&nbsp;&nbsp;STK_EvsyncConfig
<LI><a href="#[6b]">&gt;&gt;</a>&nbsp;&nbsp;&nbsp;STK_AIMConfig
<LI><a href="#[41]">&gt;&gt;</a>&nbsp;&nbsp;&nbsp;$Super$$main
<LI><a href="#[5f]">&gt;&gt;</a>&nbsp;&nbsp;&nbsp;IAP_APP_Init
</UL>

<P><STRONG><a name="[44]"></a>HC32_CalCrc16</STRONG> (Thumb, 92 bytes, Stack size 32 bytes, boot_param.o(.text.HC32_CalCrc16))
<BR><BR>[Stack]<UL><LI>Max Depth = 32<LI>Call Chain = HC32_CalCrc16
</UL>
<BR>[Called By]<UL><LI><a href="#[47]">&gt;&gt;</a>&nbsp;&nbsp;&nbsp;BootParam_CalcHeaderCrc
<LI><a href="#[42]">&gt;&gt;</a>&nbsp;&nbsp;&nbsp;APP_BuildResponse
<LI><a href="#[64]">&gt;&gt;</a>&nbsp;&nbsp;&nbsp;IAP_APP_Task
</UL>

<P><STRONG><a name="[49]"></a>HC32_FlashEraseSector</STRONG> (Thumb, 208 bytes, Stack size 32 bytes, boot_param.o(.text.HC32_FlashEraseSector))
<BR><BR>[Stack]<UL><LI>Max Depth = 32<LI>Call Chain = HC32_FlashEraseSector
</UL>
<BR>[Called By]<UL><LI><a href="#[48]">&gt;&gt;</a>&nbsp;&nbsp;&nbsp;BootParam_WriteState
</UL>

<P><STRONG><a name="[4a]"></a>HC32_FlashWriteBytes</STRONG> (Thumb, 276 bytes, Stack size 40 bytes, boot_param.o(.text.HC32_FlashWriteBytes))
<BR><BR>[Stack]<UL><LI>Max Depth = 40<LI>Call Chain = HC32_FlashWriteBytes
</UL>
<BR>[Called By]<UL><LI><a href="#[48]">&gt;&gt;</a>&nbsp;&nbsp;&nbsp;BootParam_WriteState
</UL>

<P><STRONG><a name="[e]"></a>HSI2C_IRQHandler</STRONG> (Thumb, 8 bytes, Stack size 8 bytes, interrupts_hc32l021.o(.text.HSI2C_IRQHandler))
<BR><BR>[Stack]<UL><LI>Max Depth = 32<LI>Call Chain = HSI2C_IRQHandler &rArr; Hsi2c_IRQHandler
</UL>
<BR>[Calls]<UL><LI><a href="#[2b]">&gt;&gt;</a>&nbsp;&nbsp;&nbsp;Hsi2c_IRQHandler
</UL>
<BR>[Address Reference Count : 1]<UL><LI> startup_hc32l021.o(RESET)
</UL>
<P><STRONG><a name="[62]"></a>HSI2C_SlaveFlagClear</STRONG> (Thumb, 12 bytes, Stack size 0 bytes, hsi2c.o(.text.HSI2C_SlaveFlagClear))
<BR><BR>[Called By]<UL><LI><a href="#[5f]">&gt;&gt;</a>&nbsp;&nbsp;&nbsp;IAP_APP_Init
</UL>

<P><STRONG><a name="[59]"></a>HSI2C_SlaveInit</STRONG> (Thumb, 100 bytes, Stack size 16 bytes, hsi2c.o(.text.HSI2C_SlaveInit))
<BR><BR>[Stack]<UL><LI>Max Depth = 32<LI>Call Chain = HSI2C_SlaveInit &rArr; HSI2C_SlaveScr2Config
</UL>
<BR>[Calls]<UL><LI><a href="#[5a]">&gt;&gt;</a>&nbsp;&nbsp;&nbsp;HSI2C_SlaveScr2Config
</UL>
<BR>[Called By]<UL><LI><a href="#[5f]">&gt;&gt;</a>&nbsp;&nbsp;&nbsp;IAP_APP_Init
</UL>

<P><STRONG><a name="[63]"></a>HSI2C_SlaveIntEnable</STRONG> (Thumb, 12 bytes, Stack size 0 bytes, hsi2c.o(.text.HSI2C_SlaveIntEnable))
<BR><BR>[Called By]<UL><LI><a href="#[5f]">&gt;&gt;</a>&nbsp;&nbsp;&nbsp;IAP_APP_Init
</UL>

<P><STRONG><a name="[5d]"></a>HSI2C_SlaveReadData</STRONG> (Thumb, 20 bytes, Stack size 0 bytes, hsi2c.o(.text.HSI2C_SlaveReadData))
<BR><BR>[Called By]<UL><LI><a href="#[2b]">&gt;&gt;</a>&nbsp;&nbsp;&nbsp;Hsi2c_IRQHandler
</UL>

<P><STRONG><a name="[5a]"></a>HSI2C_SlaveScr2Config</STRONG> (Thumb, 68 bytes, Stack size 16 bytes, hsi2c.o(.text.HSI2C_SlaveScr2Config))
<BR><BR>[Stack]<UL><LI>Max Depth = 16<LI>Call Chain = HSI2C_SlaveScr2Config
</UL>
<BR>[Called By]<UL><LI><a href="#[59]">&gt;&gt;</a>&nbsp;&nbsp;&nbsp;HSI2C_SlaveInit
</UL>

<P><STRONG><a name="[5b]"></a>HSI2C_SlaveStcInit</STRONG> (Thumb, 26 bytes, Stack size 8 bytes, hsi2c.o(.text.HSI2C_SlaveStcInit))
<BR><BR>[Stack]<UL><LI>Max Depth = 8<LI>Call Chain = HSI2C_SlaveStcInit
</UL>
<BR>[Calls]<UL><LI><a href="#[5c]">&gt;&gt;</a>&nbsp;&nbsp;&nbsp;DDL_MemoryClear
</UL>
<BR>[Called By]<UL><LI><a href="#[5f]">&gt;&gt;</a>&nbsp;&nbsp;&nbsp;IAP_APP_Init
</UL>

<P><STRONG><a name="[5e]"></a>HSI2C_SlaveWriteData</STRONG> (Thumb, 8 bytes, Stack size 0 bytes, hsi2c.o(.text.HSI2C_SlaveWriteData))
<BR><BR>[Called By]<UL><LI><a href="#[2b]">&gt;&gt;</a>&nbsp;&nbsp;&nbsp;Hsi2c_IRQHandler
</UL>

<P><STRONG><a name="[2]"></a>HardFault_Handler</STRONG> (Thumb, 16 bytes, Stack size 4 bytes, interrupts_hc32l021.o(.text.HardFault_Handler))
<BR><BR>[Stack]<UL><LI>Max Depth = 4<LI>Call Chain = HardFault_Handler
</UL>
<BR>[Address Reference Count : 1]<UL><LI> startup_hc32l021.o(RESET)
</UL>
<P><STRONG><a name="[2b]"></a>Hsi2c_IRQHandler</STRONG> (Thumb, 392 bytes, Stack size 24 bytes, i2c_iap_app.o(.text.Hsi2c_IRQHandler))
<BR><BR>[Stack]<UL><LI>Max Depth = 24<LI>Call Chain = Hsi2c_IRQHandler
</UL>
<BR>[Calls]<UL><LI><a href="#[5e]">&gt;&gt;</a>&nbsp;&nbsp;&nbsp;HSI2C_SlaveWriteData
<LI><a href="#[5d]">&gt;&gt;</a>&nbsp;&nbsp;&nbsp;HSI2C_SlaveReadData
</UL>
<BR>[Called By]<UL><LI><a href="#[e]">&gt;&gt;</a>&nbsp;&nbsp;&nbsp;HSI2C_IRQHandler
</UL>

<P><STRONG><a name="[5f]"></a>IAP_APP_Init</STRONG> (Thumb, 220 bytes, Stack size 96 bytes, i2c_iap_app.o(.text.IAP_APP_Init))
<BR><BR>[Stack]<UL><LI>Max Depth = 128<LI>Call Chain = IAP_APP_Init &rArr; HSI2C_SlaveInit &rArr; HSI2C_SlaveScr2Config
</UL>
<BR>[Calls]<UL><LI><a href="#[4d]">&gt;&gt;</a>&nbsp;&nbsp;&nbsp;SYSCTRL_PeriphClockEnable
<LI><a href="#[60]">&gt;&gt;</a>&nbsp;&nbsp;&nbsp;GPIO_StcInit
<LI><a href="#[61]">&gt;&gt;</a>&nbsp;&nbsp;&nbsp;GPIO_Init
<LI><a href="#[51]">&gt;&gt;</a>&nbsp;&nbsp;&nbsp;EnableNvic
<LI><a href="#[5b]">&gt;&gt;</a>&nbsp;&nbsp;&nbsp;HSI2C_SlaveStcInit
<LI><a href="#[63]">&gt;&gt;</a>&nbsp;&nbsp;&nbsp;HSI2C_SlaveIntEnable
<LI><a href="#[59]">&gt;&gt;</a>&nbsp;&nbsp;&nbsp;HSI2C_SlaveInit
<LI><a href="#[62]">&gt;&gt;</a>&nbsp;&nbsp;&nbsp;HSI2C_SlaveFlagClear
<LI><a href="#[46]">&gt;&gt;</a>&nbsp;&nbsp;&nbsp;__aeabi_memclr4
</UL>
<BR>[Called By]<UL><LI><a href="#[41]">&gt;&gt;</a>&nbsp;&nbsp;&nbsp;$Super$$main
</UL>

<P><STRONG><a name="[64]"></a>IAP_APP_Task</STRONG> (Thumb, 396 bytes, Stack size 72 bytes, i2c_iap_app.o(.text.IAP_APP_Task))
<BR><BR>[Stack]<UL><LI>Max Depth = 160<LI>Call Chain = IAP_APP_Task &rArr; BootParam_WriteState &rArr; HC32_FlashWriteBytes
</UL>
<BR>[Calls]<UL><LI><a href="#[44]">&gt;&gt;</a>&nbsp;&nbsp;&nbsp;HC32_CalCrc16
<LI><a href="#[48]">&gt;&gt;</a>&nbsp;&nbsp;&nbsp;BootParam_WriteState
<LI><a href="#[42]">&gt;&gt;</a>&nbsp;&nbsp;&nbsp;APP_BuildResponse
<LI><a href="#[43]">&gt;&gt;</a>&nbsp;&nbsp;&nbsp;__aeabi_memcpy
</UL>
<BR>[Called By]<UL><LI><a href="#[41]">&gt;&gt;</a>&nbsp;&nbsp;&nbsp;$Super$$main
</UL>

<P><STRONG><a name="[f]"></a>IWDT_IRQHandler</STRONG> (Thumb, 8 bytes, Stack size 8 bytes, interrupts_hc32l021.o(.text.IWDT_IRQHandler))
<BR><BR>[Stack]<UL><LI>Max Depth = 8<LI>Call Chain = IWDT_IRQHandler
</UL>
<BR>[Calls]<UL><LI><a href="#[1f]">&gt;&gt;</a>&nbsp;&nbsp;&nbsp;Iwdt_IRQHandler
</UL>
<BR>[Address Reference Count : 1]<UL><LI> startup_hc32l021.o(RESET)
</UL>
<P><STRONG><a name="[1f]"></a>Iwdt_IRQHandler</STRONG> (Thumb, 2 bytes, Stack size 0 bytes, interrupts_hc32l021.o(.text.Iwdt_IRQHandler))
<BR><BR>[Called By]<UL><LI><a href="#[f]">&gt;&gt;</a>&nbsp;&nbsp;&nbsp;IWDT_IRQHandler
</UL>

<P><STRONG><a name="[9]"></a>LPUART0_IRQHandler</STRONG> (Thumb, 8 bytes, Stack size 8 bytes, interrupts_hc32l021.o(.text.LPUART0_IRQHandler))
<BR><BR>[Stack]<UL><LI>Max Depth = 8<LI>Call Chain = LPUART0_IRQHandler
</UL>
<BR>[Calls]<UL><LI><a href="#[20]">&gt;&gt;</a>&nbsp;&nbsp;&nbsp;LpUart0_IRQHandler
</UL>
<BR>[Address Reference Count : 1]<UL><LI> startup_hc32l021.o(RESET)
</UL>
<P><STRONG><a name="[a]"></a>LPUART1_IRQHandler</STRONG> (Thumb, 8 bytes, Stack size 8 bytes, interrupts_hc32l021.o(.text.LPUART1_IRQHandler))
<BR><BR>[Stack]<UL><LI>Max Depth = 8<LI>Call Chain = LPUART1_IRQHandler
</UL>
<BR>[Calls]<UL><LI><a href="#[21]">&gt;&gt;</a>&nbsp;&nbsp;&nbsp;LpUart1_IRQHandler
</UL>
<BR>[Address Reference Count : 1]<UL><LI> startup_hc32l021.o(RESET)
</UL>
<P><STRONG><a name="[71]"></a>LPUART_FuncEnable</STRONG> (Thumb, 8 bytes, Stack size 0 bytes, lpuart.o(.text.LPUART_FuncEnable))
<BR><BR>[Called By]<UL><LI><a href="#[41]">&gt;&gt;</a>&nbsp;&nbsp;&nbsp;$Super$$main
</UL>

<P><STRONG><a name="[65]"></a>LPUART_Init</STRONG> (Thumb, 224 bytes, Stack size 24 bytes, lpuart.o(.text.LPUART_Init))
<BR><BR>[Stack]<UL><LI>Max Depth = 60<LI>Call Chain = LPUART_Init &rArr; __aeabi_fadd &rArr; _float_epilogue
</UL>
<BR>[Calls]<UL><LI><a href="#[57]">&gt;&gt;</a>&nbsp;&nbsp;&nbsp;DDL_Delay1ms
<LI><a href="#[58]">&gt;&gt;</a>&nbsp;&nbsp;&nbsp;__aeabi_uidiv
<LI><a href="#[39]">&gt;&gt;</a>&nbsp;&nbsp;&nbsp;__aeabi_ui2f
<LI><a href="#[36]">&gt;&gt;</a>&nbsp;&nbsp;&nbsp;__aeabi_fdiv
<LI><a href="#[31]">&gt;&gt;</a>&nbsp;&nbsp;&nbsp;__aeabi_fadd
<LI><a href="#[66]">&gt;&gt;</a>&nbsp;&nbsp;&nbsp;__aeabi_f2uiz
</UL>
<BR>[Called By]<UL><LI><a href="#[41]">&gt;&gt;</a>&nbsp;&nbsp;&nbsp;$Super$$main
</UL>

<P><STRONG><a name="[67]"></a>LPUART_StcInit</STRONG> (Thumb, 44 bytes, Stack size 16 bytes, lpuart.o(.text.LPUART_StcInit))
<BR><BR>[Stack]<UL><LI>Max Depth = 24<LI>Call Chain = LPUART_StcInit &rArr; SYSCTRL_HclkFreqGet
</UL>
<BR>[Calls]<UL><LI><a href="#[68]">&gt;&gt;</a>&nbsp;&nbsp;&nbsp;SYSCTRL_HclkFreqGet
</UL>
<BR>[Called By]<UL><LI><a href="#[41]">&gt;&gt;</a>&nbsp;&nbsp;&nbsp;$Super$$main
</UL>

<P><STRONG><a name="[14]"></a>LVD_IRQHandler</STRONG> (Thumb, 8 bytes, Stack size 8 bytes, interrupts_hc32l021.o(.text.LVD_IRQHandler))
<BR><BR>[Stack]<UL><LI>Max Depth = 8<LI>Call Chain = LVD_IRQHandler
</UL>
<BR>[Calls]<UL><LI><a href="#[22]">&gt;&gt;</a>&nbsp;&nbsp;&nbsp;Lvd_IRQHandler
</UL>
<BR>[Address Reference Count : 1]<UL><LI> startup_hc32l021.o(RESET)
</UL>
<P><STRONG><a name="[20]"></a>LpUart0_IRQHandler</STRONG> (Thumb, 2 bytes, Stack size 0 bytes, interrupts_hc32l021.o(.text.LpUart0_IRQHandler))
<BR><BR>[Called By]<UL><LI><a href="#[9]">&gt;&gt;</a>&nbsp;&nbsp;&nbsp;LPUART0_IRQHandler
</UL>

<P><STRONG><a name="[21]"></a>LpUart1_IRQHandler</STRONG> (Thumb, 2 bytes, Stack size 0 bytes, interrupts_hc32l021.o(.text.LpUart1_IRQHandler))
<BR><BR>[Called By]<UL><LI><a href="#[a]">&gt;&gt;</a>&nbsp;&nbsp;&nbsp;LPUART1_IRQHandler
</UL>

<P><STRONG><a name="[22]"></a>Lvd_IRQHandler</STRONG> (Thumb, 2 bytes, Stack size 0 bytes, interrupts_hc32l021.o(.text.Lvd_IRQHandler))
<BR><BR>[Called By]<UL><LI><a href="#[14]">&gt;&gt;</a>&nbsp;&nbsp;&nbsp;LVD_IRQHandler
</UL>

<P><STRONG><a name="[6]"></a>PORTA_IRQHandler</STRONG> (Thumb, 8 bytes, Stack size 8 bytes, interrupts_hc32l021.o(.text.PORTA_IRQHandler))
<BR><BR>[Stack]<UL><LI>Max Depth = 16<LI>Call Chain = PORTA_IRQHandler &rArr; PortA_IRQHandler
</UL>
<BR>[Calls]<UL><LI><a href="#[2a]">&gt;&gt;</a>&nbsp;&nbsp;&nbsp;PortA_IRQHandler
</UL>
<BR>[Address Reference Count : 1]<UL><LI> startup_hc32l021.o(RESET)
</UL>
<P><STRONG><a name="[7]"></a>PORTB_IRQHandler</STRONG> (Thumb, 8 bytes, Stack size 8 bytes, interrupts_hc32l021.o(.text.PORTB_IRQHandler))
<BR><BR>[Stack]<UL><LI>Max Depth = 8<LI>Call Chain = PORTB_IRQHandler
</UL>
<BR>[Calls]<UL><LI><a href="#[23]">&gt;&gt;</a>&nbsp;&nbsp;&nbsp;PortB_IRQHandler
</UL>
<BR>[Address Reference Count : 1]<UL><LI> startup_hc32l021.o(RESET)
</UL>
<P><STRONG><a name="[2a]"></a>PortA_IRQHandler</STRONG> (Thumb, 52 bytes, Stack size 8 bytes, main.o(.text.PortA_IRQHandler))
<BR><BR>[Stack]<UL><LI>Max Depth = 8<LI>Call Chain = PortA_IRQHandler
</UL>
<BR>[Calls]<UL><LI><a href="#[69]">&gt;&gt;</a>&nbsp;&nbsp;&nbsp;GPIO_IntFlagGet
<LI><a href="#[6a]">&gt;&gt;</a>&nbsp;&nbsp;&nbsp;GPIO_IntFlagClear
<LI><a href="#[55]">&gt;&gt;</a>&nbsp;&nbsp;&nbsp;BTIM_Enable
<LI><a href="#[54]">&gt;&gt;</a>&nbsp;&nbsp;&nbsp;BTIM_CounterSet
</UL>
<BR>[Called By]<UL><LI><a href="#[6]">&gt;&gt;</a>&nbsp;&nbsp;&nbsp;PORTA_IRQHandler
</UL>

<P><STRONG><a name="[23]"></a>PortB_IRQHandler</STRONG> (Thumb, 2 bytes, Stack size 0 bytes, interrupts_hc32l021.o(.text.PortB_IRQHandler))
<BR><BR>[Called By]<UL><LI><a href="#[7]">&gt;&gt;</a>&nbsp;&nbsp;&nbsp;PORTB_IRQHandler
</UL>

<P><STRONG><a name="[10]"></a>RTC_IRQHandler</STRONG> (Thumb, 8 bytes, Stack size 8 bytes, interrupts_hc32l021.o(.text.RTC_IRQHandler))
<BR><BR>[Stack]<UL><LI>Max Depth = 8<LI>Call Chain = RTC_IRQHandler
</UL>
<BR>[Calls]<UL><LI><a href="#[24]">&gt;&gt;</a>&nbsp;&nbsp;&nbsp;Rtc_IRQHandler
</UL>
<BR>[Address Reference Count : 1]<UL><LI> startup_hc32l021.o(RESET)
</UL>
<P><STRONG><a name="[24]"></a>Rtc_IRQHandler</STRONG> (Thumb, 2 bytes, Stack size 0 bytes, interrupts_hc32l021.o(.text.Rtc_IRQHandler))
<BR><BR>[Called By]<UL><LI><a href="#[10]">&gt;&gt;</a>&nbsp;&nbsp;&nbsp;RTC_IRQHandler
</UL>

<P><STRONG><a name="[b]"></a>SPI_IRQHandler</STRONG> (Thumb, 8 bytes, Stack size 8 bytes, interrupts_hc32l021.o(.text.SPI_IRQHandler))
<BR><BR>[Stack]<UL><LI>Max Depth = 8<LI>Call Chain = SPI_IRQHandler
</UL>
<BR>[Calls]<UL><LI><a href="#[25]">&gt;&gt;</a>&nbsp;&nbsp;&nbsp;Spi_IRQHandler
</UL>
<BR>[Address Reference Count : 1]<UL><LI> startup_hc32l021.o(RESET)
</UL>
<P><STRONG><a name="[6b]"></a>STK_AIMConfig</STRONG> (Thumb, 56 bytes, Stack size 32 bytes, board_stkhc32l021.o(.text.STK_AIMConfig))
<BR><BR>[Stack]<UL><LI>Max Depth = 48<LI>Call Chain = STK_AIMConfig &rArr; GPIO_Init
</UL>
<BR>[Calls]<UL><LI><a href="#[4d]">&gt;&gt;</a>&nbsp;&nbsp;&nbsp;SYSCTRL_PeriphClockEnable
<LI><a href="#[60]">&gt;&gt;</a>&nbsp;&nbsp;&nbsp;GPIO_StcInit
<LI><a href="#[61]">&gt;&gt;</a>&nbsp;&nbsp;&nbsp;GPIO_Init
<LI><a href="#[46]">&gt;&gt;</a>&nbsp;&nbsp;&nbsp;__aeabi_memclr4
</UL>
<BR>[Called By]<UL><LI><a href="#[41]">&gt;&gt;</a>&nbsp;&nbsp;&nbsp;$Super$$main
</UL>

<P><STRONG><a name="[6c]"></a>STK_EvsyncConfig</STRONG> (Thumb, 76 bytes, Stack size 40 bytes, board_stkhc32l021.o(.text.STK_EvsyncConfig))
<BR><BR>[Stack]<UL><LI>Max Depth = 56<LI>Call Chain = STK_EvsyncConfig &rArr; GPIO_Init
</UL>
<BR>[Calls]<UL><LI><a href="#[4d]">&gt;&gt;</a>&nbsp;&nbsp;&nbsp;SYSCTRL_PeriphClockEnable
<LI><a href="#[60]">&gt;&gt;</a>&nbsp;&nbsp;&nbsp;GPIO_StcInit
<LI><a href="#[61]">&gt;&gt;</a>&nbsp;&nbsp;&nbsp;GPIO_Init
<LI><a href="#[51]">&gt;&gt;</a>&nbsp;&nbsp;&nbsp;EnableNvic
<LI><a href="#[46]">&gt;&gt;</a>&nbsp;&nbsp;&nbsp;__aeabi_memclr4
</UL>
<BR>[Called By]<UL><LI><a href="#[41]">&gt;&gt;</a>&nbsp;&nbsp;&nbsp;$Super$$main
</UL>

<P><STRONG><a name="[6d]"></a>STK_LEDConfig</STRONG> (Thumb, 56 bytes, Stack size 32 bytes, board_stkhc32l021.o(.text.STK_LEDConfig))
<BR><BR>[Stack]<UL><LI>Max Depth = 48<LI>Call Chain = STK_LEDConfig &rArr; GPIO_Init
</UL>
<BR>[Calls]<UL><LI><a href="#[4d]">&gt;&gt;</a>&nbsp;&nbsp;&nbsp;SYSCTRL_PeriphClockEnable
<LI><a href="#[60]">&gt;&gt;</a>&nbsp;&nbsp;&nbsp;GPIO_StcInit
<LI><a href="#[61]">&gt;&gt;</a>&nbsp;&nbsp;&nbsp;GPIO_Init
<LI><a href="#[46]">&gt;&gt;</a>&nbsp;&nbsp;&nbsp;__aeabi_memclr4
</UL>
<BR>[Called By]<UL><LI><a href="#[41]">&gt;&gt;</a>&nbsp;&nbsp;&nbsp;$Super$$main
</UL>

<P><STRONG><a name="[4c]"></a>SYSCTRL_FuncEnable</STRONG> (Thumb, 32 bytes, Stack size 0 bytes, sysctrl.o(.text.SYSCTRL_FuncEnable))
<BR><BR>[Called By]<UL><LI><a href="#[52]">&gt;&gt;</a>&nbsp;&nbsp;&nbsp;Btim1Config
<LI><a href="#[4b]">&gt;&gt;</a>&nbsp;&nbsp;&nbsp;Btim0Config
</UL>

<P><STRONG><a name="[68]"></a>SYSCTRL_HclkFreqGet</STRONG> (Thumb, 104 bytes, Stack size 8 bytes, sysctrl.o(.text.SYSCTRL_HclkFreqGet))
<BR><BR>[Stack]<UL><LI>Max Depth = 8<LI>Call Chain = SYSCTRL_HclkFreqGet
</UL>
<BR>[Called By]<UL><LI><a href="#[6e]">&gt;&gt;</a>&nbsp;&nbsp;&nbsp;SystemCoreClockUpdate
<LI><a href="#[41]">&gt;&gt;</a>&nbsp;&nbsp;&nbsp;$Super$$main
<LI><a href="#[67]">&gt;&gt;</a>&nbsp;&nbsp;&nbsp;LPUART_StcInit
</UL>

<P><STRONG><a name="[4d]"></a>SYSCTRL_PeriphClockEnable</STRONG> (Thumb, 40 bytes, Stack size 0 bytes, sysctrl.o(.text.SYSCTRL_PeriphClockEnable))
<BR><BR>[Called By]<UL><LI><a href="#[6d]">&gt;&gt;</a>&nbsp;&nbsp;&nbsp;STK_LEDConfig
<LI><a href="#[6c]">&gt;&gt;</a>&nbsp;&nbsp;&nbsp;STK_EvsyncConfig
<LI><a href="#[6b]">&gt;&gt;</a>&nbsp;&nbsp;&nbsp;STK_AIMConfig
<LI><a href="#[52]">&gt;&gt;</a>&nbsp;&nbsp;&nbsp;Btim1Config
<LI><a href="#[4b]">&gt;&gt;</a>&nbsp;&nbsp;&nbsp;Btim0Config
<LI><a href="#[41]">&gt;&gt;</a>&nbsp;&nbsp;&nbsp;$Super$$main
<LI><a href="#[5f]">&gt;&gt;</a>&nbsp;&nbsp;&nbsp;IAP_APP_Init
</UL>

<P><STRONG><a name="[70]"></a>SYSCTRL_PeriphReset</STRONG> (Thumb, 60 bytes, Stack size 0 bytes, sysctrl.o(.text.SYSCTRL_PeriphReset))
<BR><BR>[Called By]<UL><LI><a href="#[41]">&gt;&gt;</a>&nbsp;&nbsp;&nbsp;$Super$$main
</UL>

<P><STRONG><a name="[25]"></a>Spi_IRQHandler</STRONG> (Thumb, 2 bytes, Stack size 0 bytes, interrupts_hc32l021.o(.text.Spi_IRQHandler))
<BR><BR>[Called By]<UL><LI><a href="#[b]">&gt;&gt;</a>&nbsp;&nbsp;&nbsp;SPI_IRQHandler
</UL>

<P><STRONG><a name="[5]"></a>SysTick_Handler</STRONG> (Thumb, 8 bytes, Stack size 8 bytes, interrupts_hc32l021.o(.text.SysTick_Handler))
<BR><BR>[Stack]<UL><LI>Max Depth = 8<LI>Call Chain = SysTick_Handler
</UL>
<BR>[Calls]<UL><LI><a href="#[26]">&gt;&gt;</a>&nbsp;&nbsp;&nbsp;SysTick_IRQHandler
</UL>
<BR>[Address Reference Count : 1]<UL><LI> startup_hc32l021.o(RESET)
</UL>
<P><STRONG><a name="[26]"></a>SysTick_IRQHandler</STRONG> (Thumb, 2 bytes, Stack size 0 bytes, interrupts_hc32l021.o(.text.SysTick_IRQHandler))
<BR><BR>[Called By]<UL><LI><a href="#[5]">&gt;&gt;</a>&nbsp;&nbsp;&nbsp;SysTick_Handler
</UL>

<P><STRONG><a name="[6e]"></a>SystemCoreClockUpdate</STRONG> (Thumb, 16 bytes, Stack size 8 bytes, system_hc32l021.o(.text.SystemCoreClockUpdate))
<BR><BR>[Stack]<UL><LI>Max Depth = 16<LI>Call Chain = SystemCoreClockUpdate &rArr; SYSCTRL_HclkFreqGet
</UL>
<BR>[Calls]<UL><LI><a href="#[68]">&gt;&gt;</a>&nbsp;&nbsp;&nbsp;SYSCTRL_HclkFreqGet
</UL>
<BR>[Called By]<UL><LI><a href="#[18]">&gt;&gt;</a>&nbsp;&nbsp;&nbsp;SystemInit
</UL>

<P><STRONG><a name="[18]"></a>SystemInit</STRONG> (Thumb, 88 bytes, Stack size 8 bytes, system_hc32l021.o(.text.SystemInit))
<BR><BR>[Stack]<UL><LI>Max Depth = 24<LI>Call Chain = SystemInit &rArr; SystemCoreClockUpdate &rArr; SYSCTRL_HclkFreqGet
</UL>
<BR>[Calls]<UL><LI><a href="#[6e]">&gt;&gt;</a>&nbsp;&nbsp;&nbsp;SystemCoreClockUpdate
</UL>
<BR>[Called By]<UL><LI><a href="#[17]">&gt;&gt;</a>&nbsp;&nbsp;&nbsp;main
</UL>
<BR>[Address Reference Count : 1]<UL><LI> startup_hc32l021.o(.text)
</UL>
<P><STRONG><a name="[12]"></a>VC0_IRQHandler</STRONG> (Thumb, 8 bytes, Stack size 8 bytes, interrupts_hc32l021.o(.text.VC0_IRQHandler))
<BR><BR>[Stack]<UL><LI>Max Depth = 8<LI>Call Chain = VC0_IRQHandler
</UL>
<BR>[Calls]<UL><LI><a href="#[27]">&gt;&gt;</a>&nbsp;&nbsp;&nbsp;Vc0_IRQHandler
</UL>
<BR>[Address Reference Count : 1]<UL><LI> startup_hc32l021.o(RESET)
</UL>
<P><STRONG><a name="[13]"></a>VC1_IRQHandler</STRONG> (Thumb, 8 bytes, Stack size 8 bytes, interrupts_hc32l021.o(.text.VC1_IRQHandler))
<BR><BR>[Stack]<UL><LI>Max Depth = 8<LI>Call Chain = VC1_IRQHandler
</UL>
<BR>[Calls]<UL><LI><a href="#[28]">&gt;&gt;</a>&nbsp;&nbsp;&nbsp;Vc1_IRQHandler
</UL>
<BR>[Address Reference Count : 1]<UL><LI> startup_hc32l021.o(RESET)
</UL>
<P><STRONG><a name="[27]"></a>Vc0_IRQHandler</STRONG> (Thumb, 2 bytes, Stack size 0 bytes, interrupts_hc32l021.o(.text.Vc0_IRQHandler))
<BR><BR>[Called By]<UL><LI><a href="#[12]">&gt;&gt;</a>&nbsp;&nbsp;&nbsp;VC0_IRQHandler
</UL>

<P><STRONG><a name="[28]"></a>Vc1_IRQHandler</STRONG> (Thumb, 2 bytes, Stack size 0 bytes, interrupts_hc32l021.o(.text.Vc1_IRQHandler))
<BR><BR>[Called By]<UL><LI><a href="#[13]">&gt;&gt;</a>&nbsp;&nbsp;&nbsp;VC1_IRQHandler
</UL>

<P><STRONG><a name="[41]"></a>$Super$$main</STRONG> (Thumb, 444 bytes, Stack size 120 bytes, main.o(.text.main))
<BR><BR>[Stack]<UL><LI>Max Depth = 296<LI>Call Chain = $Super$$main &rArr; Btim1Config &rArr; __aeabi_dmul &rArr; _double_epilogue &rArr; __aeabi_llsl
</UL>
<BR>[Calls]<UL><LI><a href="#[48]">&gt;&gt;</a>&nbsp;&nbsp;&nbsp;BootParam_WriteState
<LI><a href="#[6f]">&gt;&gt;</a>&nbsp;&nbsp;&nbsp;BootParam_Read
<LI><a href="#[4d]">&gt;&gt;</a>&nbsp;&nbsp;&nbsp;SYSCTRL_PeriphClockEnable
<LI><a href="#[6d]">&gt;&gt;</a>&nbsp;&nbsp;&nbsp;STK_LEDConfig
<LI><a href="#[6c]">&gt;&gt;</a>&nbsp;&nbsp;&nbsp;STK_EvsyncConfig
<LI><a href="#[6b]">&gt;&gt;</a>&nbsp;&nbsp;&nbsp;STK_AIMConfig
<LI><a href="#[60]">&gt;&gt;</a>&nbsp;&nbsp;&nbsp;GPIO_StcInit
<LI><a href="#[61]">&gt;&gt;</a>&nbsp;&nbsp;&nbsp;GPIO_Init
<LI><a href="#[52]">&gt;&gt;</a>&nbsp;&nbsp;&nbsp;Btim1Config
<LI><a href="#[4b]">&gt;&gt;</a>&nbsp;&nbsp;&nbsp;Btim0Config
<LI><a href="#[68]">&gt;&gt;</a>&nbsp;&nbsp;&nbsp;SYSCTRL_HclkFreqGet
<LI><a href="#[70]">&gt;&gt;</a>&nbsp;&nbsp;&nbsp;SYSCTRL_PeriphReset
<LI><a href="#[67]">&gt;&gt;</a>&nbsp;&nbsp;&nbsp;LPUART_StcInit
<LI><a href="#[65]">&gt;&gt;</a>&nbsp;&nbsp;&nbsp;LPUART_Init
<LI><a href="#[71]">&gt;&gt;</a>&nbsp;&nbsp;&nbsp;LPUART_FuncEnable
<LI><a href="#[64]">&gt;&gt;</a>&nbsp;&nbsp;&nbsp;IAP_APP_Task
<LI><a href="#[5f]">&gt;&gt;</a>&nbsp;&nbsp;&nbsp;IAP_APP_Init
<LI><a href="#[72]">&gt;&gt;</a>&nbsp;&nbsp;&nbsp;APP_DebugLog
<LI><a href="#[46]">&gt;&gt;</a>&nbsp;&nbsp;&nbsp;__aeabi_memclr4
</UL>
<BR>[Called By]<UL><LI><a href="#[17]">&gt;&gt;</a>&nbsp;&nbsp;&nbsp;main
</UL>

<P><STRONG><a name="[3d]"></a>__ARM_clz</STRONG> (Thumb, 46 bytes, Stack size 0 bytes, depilogue.o(i.__ARM_clz))
<BR><BR>[Called By]<UL><LI><a href="#[38]">&gt;&gt;</a>&nbsp;&nbsp;&nbsp;_double_epilogue
</UL>

<P><STRONG><a name="[83]"></a>__scatterload_copy</STRONG> (Thumb, 14 bytes, Stack size unknown bytes, handlers.o(i.__scatterload_copy), UNUSED)

<P><STRONG><a name="[84]"></a>__scatterload_null</STRONG> (Thumb, 2 bytes, Stack size unknown bytes, handlers.o(i.__scatterload_null), UNUSED)

<P><STRONG><a name="[85]"></a>__scatterload_zeroinit</STRONG> (Thumb, 14 bytes, Stack size unknown bytes, handlers.o(i.__scatterload_zeroinit), UNUSED)
<P>
<H3>
Local Symbols
</H3>
<P><STRONG><a name="[72]"></a>APP_DebugLog</STRONG> (Thumb, 40 bytes, Stack size 8 bytes, main.o(.text.APP_DebugLog))
<BR><BR>[Stack]<UL><LI>Max Depth = 8<LI>Call Chain = APP_DebugLog
</UL>
<BR>[Called By]<UL><LI><a href="#[41]">&gt;&gt;</a>&nbsp;&nbsp;&nbsp;$Super$$main
</UL>

<P><STRONG><a name="[42]"></a>APP_BuildResponse</STRONG> (Thumb, 100 bytes, Stack size 24 bytes, i2c_iap_app.o(.text.APP_BuildResponse))
<BR><BR>[Stack]<UL><LI>Max Depth = 56<LI>Call Chain = APP_BuildResponse &rArr; HC32_CalCrc16
</UL>
<BR>[Calls]<UL><LI><a href="#[44]">&gt;&gt;</a>&nbsp;&nbsp;&nbsp;HC32_CalCrc16
<LI><a href="#[43]">&gt;&gt;</a>&nbsp;&nbsp;&nbsp;__aeabi_memcpy
</UL>
<BR>[Called By]<UL><LI><a href="#[64]">&gt;&gt;</a>&nbsp;&nbsp;&nbsp;IAP_APP_Task
</UL>
<P>
<H3>
Undefined Global Symbols
</H3><HR></body></html>
